// Vitest Snapshot v1, https://vitest.dev/guide/snapshot.html

exports[`AgentEditor > should match snapshot for create mode 1`] = `
<div>
  <div
    class="container mx-auto py-8"
  >
    <div
      class="flex justify-between items-center mb-6"
    >
      <h1
        class="text-2xl font-bold"
      >
        Criar Novo Agente
      </h1>
    </div>
    <form
      class="space-y-6 space-y-6"
    >
      <div
        class="space-y-4"
      >
        <div
          data-orientation="horizontal"
          dir="ltr"
        >
          <div
            aria-orientation="horizontal"
            class="inline-flex h-10 items-center justify-center rounded-md bg-muted p-1 text-muted-foreground"
            data-orientation="horizontal"
            role="tablist"
            style="outline: none;"
            tabindex="0"
          >
            <button
              aria-controls="radix-:r0:-content-identidade"
              aria-selected="true"
              class="inline-flex items-center justify-center whitespace-nowrap rounded-sm px-3 py-1.5 text-sm font-medium ring-offset-background transition-all focus-visible:outline-none focus-visible:ring-2 focus-visible:ring-ring focus-visible:ring-offset-2 disabled:pointer-events-none disabled:opacity-50 data-[state=active]:bg-background data-[state=active]:text-foreground data-[state=active]:shadow-sm"
              data-orientation="horizontal"
              data-radix-collection-item=""
              data-state="active"
              id="radix-:r0:-trigger-identidade"
              role="tab"
              tabindex="-1"
              type="button"
            >
              Identidade
            </button>
            <button
              aria-controls="radix-:r0:-content-instrucoes"
              aria-selected="false"
              class="inline-flex items-center justify-center whitespace-nowrap rounded-sm px-3 py-1.5 text-sm font-medium ring-offset-background transition-all focus-visible:outline-none focus-visible:ring-2 focus-visible:ring-ring focus-visible:ring-offset-2 disabled:pointer-events-none disabled:opacity-50 data-[state=active]:bg-background data-[state=active]:text-foreground data-[state=active]:shadow-sm"
              data-orientation="horizontal"
              data-radix-collection-item=""
              data-state="inactive"
              id="radix-:r0:-trigger-instrucoes"
              role="tab"
              tabindex="-1"
              type="button"
            >
              Instruções
            </button>
            <button
              aria-controls="radix-:r0:-content-ferramentas"
              aria-selected="false"
              class="inline-flex items-center justify-center whitespace-nowrap rounded-sm px-3 py-1.5 text-sm font-medium ring-offset-background transition-all focus-visible:outline-none focus-visible:ring-2 focus-visible:ring-ring focus-visible:ring-offset-2 disabled:pointer-events-none disabled:opacity-50 data-[state=active]:bg-background data-[state=active]:text-foreground data-[state=active]:shadow-sm"
              data-orientation="horizontal"
              data-radix-collection-item=""
              data-state="inactive"
              id="radix-:r0:-trigger-ferramentas"
              role="tab"
              tabindex="-1"
              type="button"
            >
              Ferramentas
            </button>
            <button
              aria-controls="radix-:r0:-content-revisao"
              aria-selected="false"
              class="inline-flex items-center justify-center whitespace-nowrap rounded-sm px-3 py-1.5 text-sm font-medium ring-offset-background transition-all focus-visible:outline-none focus-visible:ring-2 focus-visible:ring-ring focus-visible:ring-offset-2 disabled:pointer-events-none disabled:opacity-50 data-[state=active]:bg-background data-[state=active]:text-foreground data-[state=active]:shadow-sm"
              data-orientation="horizontal"
              data-radix-collection-item=""
              data-state="inactive"
              id="radix-:r0:-trigger-revisao"
              role="tab"
              tabindex="-1"
              type="button"
            >
              Revisão
            </button>
            <button
              aria-controls="radix-:r0:-content-deploy"
              aria-selected="false"
              class="inline-flex items-center justify-center whitespace-nowrap rounded-sm px-3 py-1.5 text-sm font-medium ring-offset-background transition-all focus-visible:outline-none focus-visible:ring-2 focus-visible:ring-ring focus-visible:ring-offset-2 disabled:pointer-events-none disabled:opacity-50 data-[state=active]:bg-background data-[state=active]:text-foreground data-[state=active]:shadow-sm"
              data-orientation="horizontal"
              data-radix-collection-item=""
              data-state="inactive"
              id="radix-:r0:-trigger-deploy"
              role="tab"
              tabindex="-1"
              type="button"
            >
              Deploy
            </button>
          </div>
          <div
            aria-labelledby="radix-:r0:-trigger-identidade"
            class="mt-2 ring-offset-background focus-visible:outline-none focus-visible:ring-2 focus-visible:ring-ring focus-visible:ring-offset-2"
            data-orientation="horizontal"
            data-state="active"
            id="radix-:r0:-content-identidade"
            role="tabpanel"
            style="animation-duration: 0s;"
            tabindex="0"
          >
            <div
              class="rounded-lg border bg-card text-card-foreground shadow-sm"
            >
              <div
                class="flex flex-col space-y-1.5 p-6"
              >
                <h3
                  class="text-2xl font-semibold leading-none tracking-tight"
                >
                  Identidade do Agente
                </h3>
                <p
                  class="text-sm text-muted-foreground"
                >
                  Defina o nome, a descrição e o avatar do seu agente.
                </p>
              </div>
              <div
                class="p-6 pt-0 space-y-4"
              >
                <div
                  class="space-y-2"
                >
                  <label
                    class="text-sm font-medium leading-none peer-disabled:cursor-not-allowed peer-disabled:opacity-70"
                    for=":r6:-form-item"
                  >
                    Nome do Agente
                  </label>
                  <input
                    aria-describedby=":r6:-form-item-description"
                    aria-invalid="false"
                    class="flex h-10 w-full rounded-md border border-input bg-background px-3 py-2 text-sm ring-offset-background file:border-0 file:bg-transparent file:text-sm file:font-medium placeholder:text-muted-foreground focus-visible:outline-none focus-visible:ring-2 focus-visible:ring-ring focus-visible:ring-offset-2 disabled:cursor-not-allowed disabled:opacity-50"
                    id=":r6:-form-item"
                    name="name"
                    placeholder="Meu Agente Incrível"
                    value="New Llm Agent"
                  />
                </div>
                <div
                  class="space-y-2"
                >
                  <label
                    class="text-sm font-medium leading-none peer-disabled:cursor-not-allowed peer-disabled:opacity-70"
                    for=":r7:-form-item"
                  >
                    Descrição
                  </label>
                  <textarea
                    aria-describedby=":r7:-form-item-description"
                    aria-invalid="false"
                    class="flex min-h-[80px] w-full rounded-md border border-input bg-background px-3 py-2 text-sm ring-offset-background placeholder:text-muted-foreground focus-visible:outline-none focus-visible:ring-2 focus-visible:ring-ring focus-visible:ring-offset-2 disabled:cursor-not-allowed disabled:opacity-50"
                    id=":r7:-form-item"
                    name="description"
                    placeholder="Descreva o que seu agente faz."
                    rows="3"
                  />
                </div>
                <div
                  class="space-y-2"
                >
                  <label
                    class="text-sm font-medium leading-none peer-disabled:cursor-not-allowed peer-disabled:opacity-70"
                    for=":r8:-form-item"
                  >
                    URL do Avatar (Opcional)
                  </label>
                  <input
                    aria-describedby=":r8:-form-item-description"
                    aria-invalid="false"
                    class="flex h-10 w-full rounded-md border border-input bg-background px-3 py-2 text-sm ring-offset-background file:border-0 file:bg-transparent file:text-sm file:font-medium placeholder:text-muted-foreground focus-visible:outline-none focus-visible:ring-2 focus-visible:ring-ring focus-visible:ring-offset-2 disabled:cursor-not-allowed disabled:opacity-50"
                    id=":r8:-form-item"
                    name="avatarUrl"
                    placeholder="https://example.com/avatar.png"
                    value=""
                  />
                </div>
              </div>
            </div>
          </div>
          <div
            aria-labelledby="radix-:r0:-trigger-instrucoes"
            class="mt-2 ring-offset-background focus-visible:outline-none focus-visible:ring-2 focus-visible:ring-ring focus-visible:ring-offset-2"
            data-orientation="horizontal"
            data-state="inactive"
            hidden=""
            id="radix-:r0:-content-instrucoes"
            role="tabpanel"
            tabindex="0"
          />
          <div
            aria-labelledby="radix-:r0:-trigger-ferramentas"
            class="mt-2 ring-offset-background focus-visible:outline-none focus-visible:ring-2 focus-visible:ring-ring focus-visible:ring-offset-2"
            data-orientation="horizontal"
            data-state="inactive"
            hidden=""
            id="radix-:r0:-content-ferramentas"
            role="tabpanel"
            tabindex="0"
          />
          <div
            aria-labelledby="radix-:r0:-trigger-revisao"
            class="mt-2 ring-offset-background focus-visible:outline-none focus-visible:ring-2 focus-visible:ring-ring focus-visible:ring-offset-2"
            data-orientation="horizontal"
            data-state="inactive"
            hidden=""
            id="radix-:r0:-content-revisao"
            role="tabpanel"
            tabindex="0"
          />
          <div
            aria-labelledby="radix-:r0:-trigger-deploy"
            class="mt-2 ring-offset-background focus-visible:outline-none focus-visible:ring-2 focus-visible:ring-ring focus-visible:ring-offset-2"
            data-orientation="horizontal"
            data-state="inactive"
            hidden=""
            id="radix-:r0:-content-deploy"
            role="tabpanel"
            tabindex="0"
          />
        </div>
        <div
          class="block mt-6"
        >
          <div
            data-testid="mock-llm-agent-form"
          >
            LLMAgentForm Mock
          </div>
        </div>
        <div
          class="flex justify-between items-center mt-8 pt-6 border-t border-gray-200 dark:border-gray-700"
        >
          <div>
            <button
              class="inline-flex items-center justify-center rounded-md text-sm font-medium transition-colors focus-visible:outline-none focus-visible:ring-2 focus-visible:ring-ring focus-visible:ring-offset-2 disabled:opacity-50 disabled:pointer-events-none ring-offset-background border border-input hover:bg-accent hover:text-accent-foreground h-10 py-2 px-4 invisible"
              disabled=""
            >
              Anterior
            </button>
          </div>
          <div
            class="space-x-3"
          >
            <button
              class="inline-flex items-center justify-center rounded-md text-sm font-medium transition-colors focus-visible:outline-none focus-visible:ring-2 focus-visible:ring-ring focus-visible:ring-offset-2 disabled:opacity-50 disabled:pointer-events-none ring-offset-background border border-input hover:bg-accent hover:text-accent-foreground h-10 py-2 px-4"
            >
              Cancelar
            </button>
            <button
              class="inline-flex items-center justify-center rounded-md text-sm font-medium transition-colors focus-visible:outline-none focus-visible:ring-2 focus-visible:ring-ring focus-visible:ring-offset-2 disabled:opacity-50 disabled:pointer-events-none ring-offset-background bg-primary text-primary-foreground hover:bg-primary/90 h-10 py-2 px-4"
              type="button"
            >
              Próximo
            </button>
          </div>
        </div>
      </div>
      <div
        class="flex justify-end space-x-3 pt-4"
      >
        <button
          class="inline-flex items-center justify-center rounded-md text-sm font-medium transition-colors focus-visible:outline-none focus-visible:ring-2 focus-visible:ring-ring focus-visible:ring-offset-2 disabled:opacity-50 disabled:pointer-events-none ring-offset-background border border-input hover:bg-accent hover:text-accent-foreground h-10 py-2 px-4"
          type="button"
        >
          Cancel
        </button>
        <button
          class="inline-flex items-center justify-center rounded-md text-sm font-medium transition-colors focus-visible:outline-none focus-visible:ring-2 focus-visible:ring-ring focus-visible:ring-offset-2 disabled:opacity-50 disabled:pointer-events-none ring-offset-background bg-primary text-primary-foreground hover:bg-primary/90 h-10 py-2 px-4"
          type="submit"
        >
          Save
        </button>
      </div>
    </form>
  </div>

</div>
`;
